// Jest Snapshot v1, https://goo.gl/fbAQLP

exports[`Test component NavBar render component NavBar 1`] = `null`;
