// Jest Snapshot v1, https://goo.gl/fbAQLP

exports[`Test component NavBarBlog render component NavBarBlog 1`] = `null`;
