// Jest Snapshot v1, https://goo.gl/fbAQLP

exports[`Test component Blog render component Blog 1`] = `null`;
