// Jest Snapshot v1, https://goo.gl/fbAQLP

exports[`Test component ModalDelete render component ModalDelete 1`] = `null`;
