// Jest Snapshot v1, https://goo.gl/fbAQLP

exports[`Test component Register render component Register 1`] = `null`;
